workflow run: 37597158890
failed step summary:
last 300 lines of gradle output (if the build step ran):
R.raw.tsv_setup_email_sent (0x7f0e016c) — fps=60, frames=180, mono=false
R.raw.seek_speed_hint (0x7f0e00fd) — fps=60, frames=42, mono=false
R.raw.voice_outlined (0x7f0e018a) — fps=60, frames=24, mono=false
R.raw.large_message_lock (0x7f0e0089) — fps=60, frames=180, mono=false
R.raw.msg_translate (0x7f0e00a2) — fps=60, frames=180, mono=false
R.raw.voip_invite (0x7f0e0196) — fps=60, frames=120, mono=false
R.raw.caption_down (0x7f0e0020) — fps=60, frames=35, mono=false
R.raw.tsv_setup_hint (0x7f0e016d) — fps=60, frames=180, mono=false
R.raw.tab_emoji (0x7f0e0142) — fps=60, frames=18, mono=false
R.raw.sound_off (0x7f0e0107) — fps=60, frames=61, mono=false
R.raw.keyboard_to_sticker (0x7f0e0087) — fps=60, frames=12, mono=false
R.raw.gift_crafting (0x7f0e0061) — fps=60, frames=47, mono=false
R.raw.filter_reorder (0x7f0e0051) — fps=60, frames=61, mono=false
R.raw.transcribe_in (0x7f0e0169) — fps=60, frames=20, mono=false
R.raw.boosts (0x7f0e0008) — fps=60, frames=49, mono=false
R.raw.tab_models (0x7f0e014c) — fps=60, frames=17, mono=false
R.raw.silent_unmute (0x7f0e0100) — fps=60, frames=58, mono=false
R.raw.calls_log (0x7f0e0016) — fps=60, frames=120, mono=false
R.raw.notify_toggle (0x7f0e00a7) — fps=60, frames=80, mono=false
R.raw.profile_voicechat (0x7f0e00e5) — fps=60, frames=48, mono=false
R.raw.raised_hand (0x7f0e00eb) — fps=60, frames=90, mono=false
R.raw.sun (0x7f0e012d) — fps=60, frames=36, mono=false
R.raw.voice_outlined2 (0x7f0e018b) — fps=60, frames=84, mono=false
R.raw.diceloop (0x7f0e003e) — fps=60, frames=60, mono=false
R.raw.group_pip_delete_icon (0x7f0e0066) — fps=60, frames=66, mono=false
R.raw.msg_antispam (0x7f0e0096) — fps=60, frames=62, mono=false
R.raw.speaker_to_bt (0x7f0e010b) — fps=60, frames=60, mono=false
R.raw.chat_audio_record_delete_2 (0x7f0e0027) — fps=60, frames=52, mono=false
R.raw.call_mute (0x7f0e0015) — fps=60, frames=60, mono=false
R.raw.media_forbidden (0x7f0e0092) — fps=60, frames=180, mono=false
R.raw.incoming_calls (0x7f0e007e) — fps=60, frames=90, mono=false
R.raw.photo_marker (0x7f0e00bf) — fps=60, frames=30, mono=false
R.raw.swipe_pin (0x7f0e0134) — fps=60, frames=31, mono=false
R.raw.chat_audio_record_delete_3 (0x7f0e0028) — fps=60, frames=40, mono=false
R.raw.tab_music (0x7f0e014e) — fps=60, frames=17, mono=false
R.raw.tab_gift_reverse (0x7f0e0149) — fps=60, frames=5, mono=false
R.raw.wallet_allset (0x7f0e019e) — fps=60, frames=180, mono=false
R.raw.filters (0x7f0e0052) — fps=60, frames=180, mono=false
R.raw.roundcamera_flash_on (0x7f0e00f8) — fps=60, frames=30, mono=false
R.raw.tab_location_reverse (0x7f0e014b) — fps=60, frames=5, mono=false
R.raw.photo_pen (0x7f0e00c1) — fps=60, frames=30, mono=false
R.raw.import_check (0x7f0e0079) — fps=60, frames=13, mono=false
R.raw.gigagroup_convert (0x7f0e0064) — fps=60, frames=120, mono=false
R.raw.photo_blur (0x7f0e00bd) — fps=60, frames=30, mono=false
R.raw.star_reaction_click (0x7f0e0118) — fps=60, frames=125, mono=false
R.raw.bt_to_speaker (0x7f0e000a) — fps=60, frames=60, mono=false
R.raw.chat_audio_record_delete (0x7f0e0026) — fps=60, frames=52, mono=false
R.raw.phone_stars_to_dots (0x7f0e00bb) — fps=60, frames=10, mono=false
R.raw.swipe_read (0x7f0e0135) — fps=60, frames=35, mono=false
R.raw.ic_pin (0x7f0e0072) — fps=60, frames=120, mono=false
R.raw.tab_reply_reverse (0x7f0e0153) — fps=60, frames=5, mono=false
R.raw.addone_icon (0x7f0e0000) — fps=60, frames=120, mono=false
R.raw.ic_mute (0x7f0e0071) — fps=60, frames=66, mono=false
R.raw.rate (0x7f0e00ec) — fps=60, frames=90, mono=false
R.raw.sound_on (0x7f0e0108) — fps=60, frames=61, mono=false
R.raw.ic_delete (0x7f0e006f) — fps=60, frames=66, mono=false
R.raw.tab_sticker_reverse (0x7f0e0156) — fps=60, frames=5, mono=false
R.raw.player_prev (0x7f0e00c8) — fps=60, frames=25, mono=false
R.raw.tag_icon_3 (0x7f0e015b) — fps=60, frames=57, mono=false
R.raw.keyboard_to_gif (0x7f0e0085) — fps=60, frames=12, mono=false
R.raw.code_laptop (0x7f0e0032) — fps=60, frames=64, mono=false
R.raw.fire_off (0x7f0e0053) — fps=60, frames=120, mono=false

> Task :TMessagesProj_App:generateAfatDebugStringResourceIdsAsset
Generated 11296 string resource IDs: /home/runner/work/Monarch-Development-HTML-design/Monarch-Development-HTML-design/telegram-src/TMessagesProj_App/build/generated/stringResourceIds/afatDebug/assets/string_resource_ids.bin
Size: 90372 bytes

> Task :TMessagesProj_App:mergeAfatDebugAssets
> Task :TMessagesProj_App:compressAfatDebugAssets
> Task :TMessagesProj_App:processAfatDebugJavaRes NO-SOURCE
> Task :TMessagesProj_App:checkAfatDebugDuplicateClasses

> Task :TMessagesProj:compileDebugJavaWithJavac
Java compiler version 21 has deprecated support for compiling with source/target version 8.
Try one of the following options:
    1. [Recommended] Use Java toolchain with a lower language version
    2. Set a higher source/target version
    3. Use a lower version of the JDK running the build (if you're not using Java toolchain)
For more details on how to configure these settings, see https://developer.android.com/build/jdks.
To suppress this warning, set android.javaCompile.suppressSourceTargetDeprecationWarning=true in gradle.properties.
warning: [options] source value 8 is obsolete and will be removed in a future release
warning: [options] target value 8 is obsolete and will be removed in a future release
warning: [options] To suppress warnings about obsolete options, use -Xlint:-options.

> Task :TMessagesProj_App:mergeAfatDebugJavaResource
> Task :TMessagesProj_Modules:media3:media-lib-exoplayer-dash:bundleLibRuntimeToJarDebug
> Task :TMessagesProj_Modules:media3:media-lib-exoplayer-hls:bundleLibRuntimeToJarDebug
> Task :TMessagesProj_App:desugarAfatDebugFileDependencies
> Task :TMessagesProj_App:mergeExtDexAfatDebug
> Task :TMessagesProj_App:l8DexDesugarLibAfatDebug
> Task :jlatexmath:mergeDebugJniLibFolders
> Task :jlatexmath:mergeDebugNativeLibs NO-SOURCE
> Task :jlatexmath:copyDebugJniLibsProjectOnly
> Task :TMessagesProj_Modules:media3:media-lib-common:mergeDebugJniLibFolders
> Task :TMessagesProj_Modules:media3:media-lib-common:mergeDebugNativeLibs NO-SOURCE
> Task :TMessagesProj_Modules:media3:media-lib-common:copyDebugJniLibsProjectOnly
> Task :TMessagesProj_Modules:media3:media-lib-database:mergeDebugJniLibFolders
> Task :TMessagesProj_Modules:media3:media-lib-database:mergeDebugNativeLibs NO-SOURCE
> Task :TMessagesProj_Modules:media3:media-lib-database:copyDebugJniLibsProjectOnly
> Task :TMessagesProj_Modules:media3:media-lib-datasource:mergeDebugJniLibFolders
> Task :TMessagesProj_Modules:media3:media-lib-datasource:mergeDebugNativeLibs NO-SOURCE
> Task :TMessagesProj_Modules:media3:media-lib-datasource:copyDebugJniLibsProjectOnly
> Task :TMessagesProj_Modules:media3:media-lib-decoder:mergeDebugJniLibFolders
> Task :TMessagesProj_Modules:media3:media-lib-decoder:mergeDebugNativeLibs NO-SOURCE
> Task :TMessagesProj_Modules:media3:media-lib-decoder:copyDebugJniLibsProjectOnly
> Task :TMessagesProj_Modules:media3:media-lib-decoder-ffmpeg:mergeDebugJniLibFolders
> Task :TMessagesProj_Modules:media3:media-lib-decoder-ffmpeg:mergeDebugNativeLibs NO-SOURCE
> Task :TMessagesProj_Modules:media3:media-lib-decoder-ffmpeg:copyDebugJniLibsProjectOnly
> Task :TMessagesProj_Modules:media3:media-lib-exoplayer:mergeDebugJniLibFolders
> Task :TMessagesProj_Modules:media3:media-lib-exoplayer:mergeDebugNativeLibs NO-SOURCE
> Task :TMessagesProj_Modules:media3:media-lib-exoplayer:copyDebugJniLibsProjectOnly
> Task :TMessagesProj_Modules:media3:media-lib-exoplayer-dash:mergeDebugJniLibFolders
> Task :TMessagesProj_Modules:media3:media-lib-exoplayer-dash:mergeDebugNativeLibs NO-SOURCE
> Task :TMessagesProj_Modules:media3:media-lib-exoplayer-dash:copyDebugJniLibsProjectOnly
> Task :TMessagesProj_Modules:media3:media-lib-exoplayer-hls:mergeDebugJniLibFolders
> Task :TMessagesProj_Modules:media3:media-lib-exoplayer-hls:mergeDebugNativeLibs NO-SOURCE
> Task :TMessagesProj_Modules:media3:media-lib-exoplayer-hls:copyDebugJniLibsProjectOnly
> Task :TMessagesProj_Modules:media3:media-lib-extractor:mergeDebugJniLibFolders
> Task :TMessagesProj_Modules:media3:media-lib-container:mergeDebugJniLibFolders
> Task :TMessagesProj_Modules:media3:media-lib-extractor:mergeDebugNativeLibs NO-SOURCE
> Task :TMessagesProj_Modules:media3:media-lib-container:mergeDebugNativeLibs NO-SOURCE
> Task :TMessagesProj_Modules:media3:media-lib-extractor:copyDebugJniLibsProjectOnly
> Task :TMessagesProj_Modules:media3:media-lib-container:copyDebugJniLibsProjectOnly
> Task :TMessagesProj_Modules:media3:media-lib-session:mergeDebugJniLibFolders
> Task :TMessagesProj_Modules:media3:media-lib-session:mergeDebugNativeLibs NO-SOURCE
> Task :TMessagesProj_Modules:media3:media-lib-session:copyDebugJniLibsProjectOnly
> Task :TMessagesProj_App:mergeAfatDebugJniLibFolders
> Task :TMessagesProj_App:validateSigningAfatDebug
> Task :TMessagesProj_App:writeAfatDebugAppMetadata
> Task :TMessagesProj_App:writeAfatDebugSigningConfigVersions

> Task :TMessagesProj:compileDebugJavaWithJavac
/home/runner/work/Monarch-Development-HTML-design/Monarch-Development-HTML-design/telegram-src/TMessagesProj/src/main/java/org/telegram/ui/FairyChatPremiumActivity.java:80: error: cannot find symbol
        starTitle.setTextSize(TypedValue.COMPLEX_UNIT_SP, 24);
                              ^
  symbol:   variable TypedValue
  location: class FairyChatPremiumActivity
/home/runner/work/Monarch-Development-HTML-design/Monarch-Development-HTML-design/telegram-src/TMessagesProj/src/main/java/org/telegram/ui/FairyChatPremiumActivity.java:88: error: cannot find symbol
        bannerSub.setTextSize(TypedValue.COMPLEX_UNIT_SP, 14);
                              ^
  symbol:   variable TypedValue
  location: class FairyChatPremiumActivity
/home/runner/work/Monarch-Development-HTML-design/Monarch-Development-HTML-design/telegram-src/TMessagesProj/src/main/java/org/telegram/ui/FairyChatPremiumActivity.java:120: error: cannot find symbol
        pay1.setTextSize(TypedValue.COMPLEX_UNIT_SP, 14);
                         ^
  symbol:   variable TypedValue
  location: class FairyChatPremiumActivity
/home/runner/work/Monarch-Development-HTML-design/Monarch-Development-HTML-design/telegram-src/TMessagesProj/src/main/java/org/telegram/ui/FairyChatPremiumActivity.java:132: error: cannot find symbol
        codeInput.setTextSize(TypedValue.COMPLEX_UNIT_SP, 15);
                              ^
  symbol:   variable TypedValue
  location: class FairyChatPremiumActivity
/home/runner/work/Monarch-Development-HTML-design/Monarch-Development-HTML-design/telegram-src/TMessagesProj/src/main/java/org/telegram/ui/FairyChatPremiumActivity.java:140: error: cannot find symbol
        activate.setTextSize(TypedValue.COMPLEX_UNIT_SP, 15);
                             ^
  symbol:   variable TypedValue
  location: class FairyChatPremiumActivity
/home/runner/work/Monarch-Development-HTML-design/Monarch-Development-HTML-design/telegram-src/TMessagesProj/src/main/java/org/telegram/ui/FairyChatPremiumActivity.java:170: error: cannot find symbol
        foot.setTextSize(TypedValue.COMPLEX_UNIT_SP, 12);
                         ^
  symbol:   variable TypedValue
  location: class FairyChatPremiumActivity
/home/runner/work/Monarch-Development-HTML-design/Monarch-Development-HTML-design/telegram-src/TMessagesProj/src/main/java/org/telegram/ui/FairyChatPremiumActivity.java:184: error: cannot find symbol
        t.setTextSize(TypedValue.COMPLEX_UNIT_SP, 16);
                      ^
  symbol:   variable TypedValue
  location: class FairyChatPremiumActivity
/home/runner/work/Monarch-Development-HTML-design/Monarch-Development-HTML-design/telegram-src/TMessagesProj/src/main/java/org/telegram/ui/FairyChatPremiumActivity.java:218: error: cannot find symbol
        ic.setTextSize(TypedValue.COMPLEX_UNIT_SP, 24);
                       ^
  symbol:   variable TypedValue
  location: class FairyChatPremiumActivity
/home/runner/work/Monarch-Development-HTML-design/Monarch-Development-HTML-design/telegram-src/TMessagesProj/src/main/java/org/telegram/ui/FairyChatPremiumActivity.java:227: error: cannot find symbol
        t1.setTextSize(TypedValue.COMPLEX_UNIT_SP, 15);
                       ^
  symbol:   variable TypedValue
  location: class FairyChatPremiumActivity
/home/runner/work/Monarch-Development-HTML-design/Monarch-Development-HTML-design/telegram-src/TMessagesProj/src/main/java/org/telegram/ui/FairyChatPremiumActivity.java:233: error: cannot find symbol
        t2.setTextSize(TypedValue.COMPLEX_UNIT_SP, 12);
                       ^
  symbol:   variable TypedValue
  location: class FairyChatPremiumActivity
/home/runner/work/Monarch-Development-HTML-design/Monarch-Development-HTML-design/telegram-src/TMessagesProj/src/main/java/org/telegram/ui/FairyChatPremiumActivity.java:255: error: cannot find symbol
        t.setTextSize(TypedValue.COMPLEX_UNIT_SP, 14);
                      ^
  symbol:   variable TypedValue
  location: class FairyChatPremiumActivity
/home/runner/work/Monarch-Development-HTML-design/Monarch-Development-HTML-design/telegram-src/TMessagesProj/src/main/java/org/telegram/ui/FairyChatPremiumActivity.java:261: error: cannot find symbol
        p.setTextSize(TypedValue.COMPLEX_UNIT_SP, 26);
                      ^
  symbol:   variable TypedValue
  location: class FairyChatPremiumActivity
/home/runner/work/Monarch-Development-HTML-design/Monarch-Development-HTML-design/telegram-src/TMessagesProj/src/main/java/org/telegram/ui/FairyChatPremiumActivity.java:268: error: cannot find symbol
        n.setTextSize(TypedValue.COMPLEX_UNIT_SP, 12);
                      ^
  symbol:   variable TypedValue
  location: class FairyChatPremiumActivity
Note: Some input files use or override a deprecated API.
Note: Recompile with -Xlint:deprecation for details.
Note: Some input files use unchecked or unsafe operations.
Note: Recompile with -Xlint:unchecked for details.
13 errors
3 warnings

> Task :TMessagesProj:compileDebugJavaWithJavac FAILED

[Incubating] Problems report is available at: file:///home/runner/work/Monarch-Development-HTML-design/Monarch-Development-HTML-design/telegram-src/build/reports/problems/problems-report.html

FAILURE: Build failed with an exception.

* What went wrong:
Execution failed for task ':TMessagesProj:compileDebugJavaWithJavac'.
> Compilation failed; see the compiler output below.
  warning: [options] source value 8 is obsolete and will be removed in a future release
  warning: [options] target value 8 is obsolete and will be removed in a future release
  warning: [options] To suppress warnings about obsolete options, use -Xlint:-options.
  /home/runner/work/Monarch-Development-HTML-design/Monarch-Development-HTML-design/telegram-src/TMessagesProj/src/main/java/org/telegram/ui/FairyChatPremiumActivity.java:80: error: cannot find symbol
          starTitle.setTextSize(TypedValue.COMPLEX_UNIT_SP, 24);
                                ^
    symbol:   variable TypedValue
    location: class FairyChatPremiumActivity
  /home/runner/work/Monarch-Development-HTML-design/Monarch-Development-HTML-design/telegram-src/TMessagesProj/src/main/java/org/telegram/ui/FairyChatPremiumActivity.java:88: error: cannot find symbol
          bannerSub.setTextSize(TypedValue.COMPLEX_UNIT_SP, 14);
                                ^
    symbol:   variable TypedValue
    location: class FairyChatPremiumActivity
  /home/runner/work/Monarch-Development-HTML-design/Monarch-Development-HTML-design/telegram-src/TMessagesProj/src/main/java/org/telegram/ui/FairyChatPremiumActivity.java:120: error: cannot find symbol
          pay1.setTextSize(TypedValue.COMPLEX_UNIT_SP, 14);
                           ^
    symbol:   variable TypedValue
    location: class FairyChatPremiumActivity
  /home/runner/work/Monarch-Development-HTML-design/Monarch-Development-HTML-design/telegram-src/TMessagesProj/src/main/java/org/telegram/ui/FairyChatPremiumActivity.java:132: error: cannot find symbol
          codeInput.setTextSize(TypedValue.COMPLEX_UNIT_SP, 15);
                                ^
    symbol:   variable TypedValue
    location: class FairyChatPremiumActivity
  /home/runner/work/Monarch-Development-HTML-design/Monarch-Development-HTML-design/telegram-src/TMessagesProj/src/main/java/org/telegram/ui/FairyChatPremiumActivity.java:140: error: cannot find symbol
          activate.setTextSize(TypedValue.COMPLEX_UNIT_SP, 15);
                               ^
    symbol:   variable TypedValue
    location: class FairyChatPremiumActivity
  /home/runner/work/Monarch-Development-HTML-design/Monarch-Development-HTML-design/telegram-src/TMessagesProj/src/main/java/org/telegram/ui/FairyChatPremiumActivity.java:170: error: cannot find symbol
          foot.setTextSize(TypedValue.COMPLEX_UNIT_SP, 12);
                           ^
    symbol:   variable TypedValue
    location: class FairyChatPremiumActivity
  /home/runner/work/Monarch-Development-HTML-design/Monarch-Development-HTML-design/telegram-src/TMessagesProj/src/main/java/org/telegram/ui/FairyChatPremiumActivity.java:184: error: cannot find symbol
          t.setTextSize(TypedValue.COMPLEX_UNIT_SP, 16);
                        ^
    symbol:   variable TypedValue
    location: class FairyChatPremiumActivity
  /home/runner/work/Monarch-Development-HTML-design/Monarch-Development-HTML-design/telegram-src/TMessagesProj/src/main/java/org/telegram/ui/FairyChatPremiumActivity.java:218: error: cannot find symbol
          ic.setTextSize(TypedValue.COMPLEX_UNIT_SP, 24);
                         ^
    symbol:   variable TypedValue
    location: class FairyChatPremiumActivity
  /home/runner/work/Monarch-Development-HTML-design/Monarch-Development-HTML-design/telegram-src/TMessagesProj/src/main/java/org/telegram/ui/FairyChatPremiumActivity.java:227: error: cannot find symbol
          t1.setTextSize(TypedValue.COMPLEX_UNIT_SP, 15);
                         ^
    symbol:   variable TypedValue
    location: class FairyChatPremiumActivity
  /home/runner/work/Monarch-Development-HTML-design/Monarch-Development-HTML-design/telegram-src/TMessagesProj/src/main/java/org/telegram/ui/FairyChatPremiumActivity.java:233: error: cannot find symbol
          t2.setTextSize(TypedValue.COMPLEX_UNIT_SP, 12);
                         ^
    symbol:   variable TypedValue
    location: class FairyChatPremiumActivity
  /home/runner/work/Monarch-Development-HTML-design/Monarch-Development-HTML-design/telegram-src/TMessagesProj/src/main/java/org/telegram/ui/FairyChatPremiumActivity.java:255: error: cannot find symbol
          t.setTextSize(TypedValue.COMPLEX_UNIT_SP, 14);
                        ^
    symbol:   variable TypedValue
    location: class FairyChatPremiumActivity
  /home/runner/work/Monarch-Development-HTML-design/Monarch-Development-HTML-design/telegram-src/TMessagesProj/src/main/java/org/telegram/ui/FairyChatPremiumActivity.java:261: error: cannot find symbol
          p.setTextSize(TypedValue.COMPLEX_UNIT_SP, 26);
                        ^
    symbol:   variable TypedValue
    location: class FairyChatPremiumActivity
  /home/runner/work/Monarch-Development-HTML-design/Monarch-Development-HTML-design/telegram-src/TMessagesProj/src/main/java/org/telegram/ui/FairyChatPremiumActivity.java:268: error: cannot find symbol
          n.setTextSize(TypedValue.COMPLEX_UNIT_SP, 12);
                        ^
    symbol:   variable TypedValue
    location: class FairyChatPremiumActivity
  Note: Some input files use or override a deprecated API.
  Note: Recompile with -Xlint:deprecation for details.
  Note: Some input files use unchecked or unsafe operations.
  Note: Recompile with -Xlint:unchecked for details.
  13 errors
  3 warnings

* Try:
> Check your code and dependencies to fix the compilation error(s)
> Run with --scan to get full insights.

Deprecated Gradle features were used in this build, making it incompatible with Gradle 9.0.

You can use '--warning-mode all' to show the individual deprecation warnings and determine if they come from your own scripts or plugins.

For more on this, please refer to https://docs.gradle.org/8.13/userguide/command_line_interface.html#sec:command_line_warnings in the Gradle documentation.

BUILD FAILED in 1m 39s
284 actionable tasks: 284 executed
